(cx-gui-do cx-set-real-entry-list "Plane Surface*Frame2(Points)*Frame1*Table1*RealEntry1(x0)" '( x_min))
(cx-gui-do cx-set-real-entry-list "Plane Surface*Frame2(Points)*Frame1*Table1*RealEntry2(y0)" '( y_min))
(cx-gui-do cx-set-real-entry-list "Plane Surface*Frame2(Points)*Frame1*Table1*RealEntry3(z0)" '( height))
(cx-gui-do cx-set-real-entry-list "Plane Surface*Frame2(Points)*Frame1*Table1*RealEntry4(x1)" '( x_min))
(cx-gui-do cx-set-real-entry-list "Plane Surface*Frame2(Points)*Frame1*Table1*RealEntry5(y1)" '( y_max))
(cx-gui-do cx-set-real-entry-list "Plane Surface*Frame2(Points)*Frame1*Table1*RealEntry6(z1)" '( height))
(cx-gui-do cx-set-real-entry-list "Plane Surface*Frame2(Points)*Frame1*Table1*RealEntry7(x2)" '( x_max))
(cx-gui-do cx-set-real-entry-list "Plane Surface*Frame2(Points)*Frame1*Table1*RealEntry8(y2)" '( y_max))
(cx-gui-do cx-set-real-entry-list "Plane Surface*Frame2(Points)*Frame1*Table1*RealEntry9(z2)" '( height))
(cx-gui-do cx-set-text-entry "Plane Surface*TextEntry4(New Surface Name)" "FILENAME")
(cx-gui-do cx-set-integer-entry "Plane Surface*Frame1*Frame2*Frame1(Sample Density)*IntegerEntry1(Edge 1)" NUM_POINTS_X)
(cx-gui-do cx-set-integer-entry "Plane Surface*Frame1*Frame2*Frame1(Sample Density)*IntegerEntry2(Edge 2)" NUM_POINTS_Y)
(cx-gui-do cx-activate-item "Plane Surface*PanelButtons*PushButton1(OK)")

